vlib/v/checker/tests/from_string_on_non_enum_err.vv:12:2: error: type `Foo` is not an enum
   10 | 
   11 | fn main() {
   12 |     Foo.from_string('foo')
      |     ~~~~~~~~~~~~~~~~~~~~~~
   13 |     Bar.from_string('bar')
   14 | }
