vlib/v/checker/tests/method_wrong_arg_type.vv:13:5: notice: unused parameter: `s`
   11 | struct Sss {}
   12 | 
   13 | fn (s Sss) info(msg string) {
      |     ^
   14 |     println(msg)
   15 | }
vlib/v/checker/tests/method_wrong_arg_type.vv:23:5: notice: unused parameter: `s`
   21 | }
   22 | 
   23 | fn (s Sss) ptr(p &Sss) {}
      |     ^
   24 | 
   25 | fn ptr_arg() {
vlib/v/checker/tests/method_wrong_arg_type.vv:23:16: notice: unused parameter: `p`
   21 | }
   22 | 
   23 | fn (s Sss) ptr(p &Sss) {}
      |                ^
   24 | 
   25 | fn ptr_arg() {
vlib/v/checker/tests/method_wrong_arg_type.vv:20:9: error: cannot use `MyEnum` as `string` in argument 1 to `Sss.info`
   18 |     e := MyEnum.x
   19 |     s := Sss{}
   20 |     s.info(e)
      |            ^
   21 | }
   22 |
vlib/v/checker/tests/method_wrong_arg_type.vv:28:8: error: cannot use `int` as `&Sss` in argument 1 to `Sss.ptr`
   26 |     s := Sss{}
   27 |     v := 4
   28 |     s.ptr(v)
      |           ^
   29 | }
